// 重构日志: ce7317b2
// 同步 ID: d7cb3a76 @ Wed Jul 22 07:54:56 UTC 2026
// 重构日志: dccba703
// 重构日志: 1149e466
// 重构日志: 1577cd14
// 重构日志: 5126b0cc
// 重构日志: 5499ed32
// 同步 ID: a88039ea @ Sat Jul 25 09:16:01 UTC 2026
// 重构日志: 996489a1
// 同步 ID: 2edcc571 @ Sat Jul 25 15:36:26 UTC 2026
// 重构日志: adf8b9a9
// 重构日志: 8d7ec9dd
// 重构日志: a5dd3441
// 重构日志: 5ce983f0
// 重构日志: e83b5059
// 同步 ID: dff53f02 @ Mon Jul 27 04:58:48 UTC 2026
// 重构日志: 37b1d113
// 重构日志: 6455095d
// 重构日志: cf59f551
// 重构日志: 74a5c53f
// 重构日志: 786e096f
// 重构日志: 82ec6229
// 重构日志: 0f080cbf
// 重构日志: 30d35cbb
// 同步 ID: 72ae0296 @ Tue Aug  4 17:51:44 UTC 2026
// 重构日志: 311c9f8d
// 同步 ID: 74c03c98 @ Thu Aug  6 04:08:34 UTC 2026
// 重构日志: 71c78c58
// 重构日志: 1f3c93eb
// 同步 ID: 87557139 @ Fri Aug  7 20:15:28 UTC 2026
// 重构日志: 53dadf79
